No contracts to compile

Running Solidity tests


Running Mocha tests


  ShipmentRegistry
    ΓêÜ Should set the right owner
    ΓêÜ Should allow owner to authorize a handler
    ΓêÜ Should create a shipment
    ΓêÜ Should record a handoff
    1) Should prevent handoffs for non-existent shipments


  4 passing (732ms)
  1 failing

  1) ShipmentRegistry
       Should prevent handoffs for non-existent shipments:
     Error: Invalid Chai property: revertedWith
      at Object.proxyGetter [as get] (file:///C:/proj1/newhh/node_modules/chai/index.js:1639:17)
      at Context.<anonymous> (file:///C:/proj1/newhh/test/ShipmentRegistry.test.js:55:12)




4 passing (4 mocha)
1 failing (1 mocha)

node.exe : Test run failed
At C:\nodejs\npx.ps1:29 char:3
+   & $NODE_EXE $NPX_CLI_JS $args
+   ~~~~~~~~~~~~~~~~~~~~~~~~~~~~~
    + CategoryInfo          : NotSpecified: (Test run failed:String) [], RemoteException
    + FullyQualifiedErrorId : NativeCommandError
 

Unhandled promise rejection:

SolidityError: VM Exception while processing transaction: reverted with reason string 'TrustChain: Shipment not found'
    at ShipmentRegistry.shipmentExists (contracts/ShipmentRegistry.sol:126)
    at ShipmentRegistry.recordHandoff (contracts/ShipmentRegistry.sol:248)
    at EdrProvider.#handleEdrResponse 
(C:\proj1\newhh\node_modules\hardhat\dist\src\internal\builtin-plugins\network-manager\edr\edr-provider.js:174:25)
    at EdrProvider.#handleRequest 
(C:\proj1\newhh\node_modules\hardhat\dist\src\internal\builtin-plugins\network-manager\edr\edr-provider.js:255:45)
    at async <anonymous> 
(C:\proj1\newhh\node_modules\hardhat\src\internal\builtin-plugins\network-manager\network-manager.ts:267:49)
    at async next (C:\proj1\newhh\node_modules\hardhat\src\internal\core\hook-manager.ts:205:13)
    at async Array.onRequest 
(C:\proj1\newhh\node_modules\hardhat\src\internal\builtin-plugins\network-manager\hook-handlers\network.ts:81:14)
    at async next (C:\proj1\newhh\node_modules\hardhat\src\internal\core\hook-manager.ts:204:13)
    at async HookManagerImplementation.runHandlerChain 
(C:\proj1\newhh\node_modules\hardhat\src\internal\core\hook-manager.ts:210:12)
    at async EdrProvider.request 
(C:\proj1\newhh\node_modules\hardhat\dist\src\internal\builtin-plugins\network-manager\edr\edr-provider.js:114:31)
    at async AutomaticGasHandler.getMultipliedGasEstimation (C:\proj1\newhh\node_modules\hardhat\src\internal\builtin-p
lugins\network-manager\request-handlers\handlers\gas\multiplied-gas-estimation.ts:29:30)
